// Vitest Snapshot v1, https://vitest.dev/guide/snapshot.html

exports[`Reset packages 1`] = `"undefined"`;
