// Vitest Snapshot v1, https://vitest.dev/guide/snapshot.html

exports[`Scan packages 1`] = `"undefined"`;
