// Vitest Snapshot v1, https://vitest.dev/guide/snapshot.html

exports[`Search packages 1`] = `
┌─────────────────────────┬─────────────┬─────────┬────────────┬─────────┬────────────────────────────────┐
│ Id                      │ Name        │ Version │ Date       │ License │ Tags                           │
├─────────────────────────┼─────────────┼─────────┼────────────┼─────────┼────────────────────────────────┤
│ tote-bag-labs/valentine │ Valentine   │ 1.0.1   │ 2024-04-27 │ gpl-3.0 │ Effect, Compressor, Distortion │
├─────────────────────────┼─────────────┼─────────┼────────────┼─────────┼────────────────────────────────┤
│ tesselode/flutterbird   │ Flutterbird │ 1.0.1   │ 2018-09-06 │ mit     │ Effect, Pitch, Modulation      │
├─────────────────────────┼─────────────┼─────────┼────────────┼─────────┼────────────────────────────────┤
│ surge-synthesizer/surge │ Surge XT    │ 1.3.4   │ 2024-08-11 │ gpl-3.0 │ Instrument, Synth, Modulation  │
└─────────────────────────┴─────────────┴─────────┴────────────┴─────────┴────────────────────────────────┘
`;

exports[`Search packages 2`] = `No results found`;
