// Vitest Snapshot v1, https://vitest.dev/guide/snapshot.html

exports[`Sync packages 1`] = `plugins sync has been completed`;
